      %   MACOS Adaptive Optics Example Macro

      %   First show system response without atmosphere:

      old AOexample;                                 % Load prescription
      draw 0 26 xz                                   % Draw full system
      draw 6 26 xy                                   % Draw AO optics only
      spo 1 b y                                      % Pupil spot diagram
      opd 16 y                                       % OPD in exit pupil shows deformable
                                                     %   mirror test pattern
      spo 26 Tout y                                  % Hartman sensor spots on detector

      %   Next show system response with atmosphere but no
      %   deformable mirror:

      modify Surface(7)=Flat                         % Flatten deformable mirror
             q
      atmos 1 20                                     % Add atmospheric phase disturbance
        2.854331e-5 0 atm 12.5                       %   at entrance pupil

opd 16 y                                       % OPD in exit pupil
spo 26 Tout y                                  % Hartman sensor spots on detector
