     A.7.2 ImageDemo.in
ChfRayDir= 0d0 0d0 -1d0
ChfRayPos= 0d0 0d0 6.d+02
 zSource=  1d22
  IndRef=  1d0
  Extinc=  0d0
 Wavelen=  7.d-04
    Flux=  1.093342085D+00
GridType=  Circular
Aperture=  3.8d+02
Obscratn=  0d0
nGridpts=  33
   xGrid= -1d0 2.033814221D-09         0d0
   yGrid= -2.033814221D-09 -1d0        0d0
    nElt=  13

    iElt=    1
 EltName= SEC_OBS
 Element= Obscuring
 Surface= Conic
   KrElt= -1d22
   KcElt=   0d0
  psiElt=   0d0 0d0 -1d0
  VptElt=   0d0 0d0 4.002557400D+02
  RptElt=   0d0 0d0 4.002557400D+02
  IndRef=   1d0
  Extinc=   1d22
    nObs=    2
 ObsType=   Circle
  ObsVec=   4.67036d+01 0d0 0d0
 ObsType=   Rectangle
  ObsVec=   0d0 1.75d+02 2.39d+01 2.69d+01
    xObs=   9.896513868D-01 1.434926220D-01 0d0
  ApType=   Circular
   ApVec=   1.75d+02 0d0 0d0
    zElt=   1d22
PropType=   Annulus
 nECoord=   -6

   iElt=    2
EltName= SPIDER_2
Element= Obscuring
Surface= Conic

         KrElt=   -1d22
         KcElt=    0d0
        psiElt=    0d0 0d0 -1d0
        VptElt=    0d0 0d0 4.002557399D+02
        RptElt=    0d0 0d0 4.002557400D+02
        IndRef=    1d0
        Extinc=    1d22
          nObs=     1
       ObsType=    Rectangle
        ObsVec=    0d0 1.75d+02 2.39d+01 2.69d+01
          xObs=   -6.190939493D-01 7.853169309D-01 0d0
        ApType=    Circular
         ApVec=    1.75d+02 0d0 0d0
          zElt=    1d22
      PropType=    Annulus
       nECoord=    -6

          iElt=    3
       EltName= SPIDER_3
       Element= Obscuring
       Surface= Conic
         KrElt= -1d22
         KcElt=   0d0
        psiElt=   0d0 0d0 -1d0
        VptElt=   0d0 0d0 4.002557398D+02
        RptElt=   0d0 0d0 4.002557400D+02
        IndRef=   1d0
        Extinc=   1d22
          nObs=    1
       ObsType=   Rectangle
        ObsVec=   0d0 1.75d+02 2.39d+01 2.69d+01
          xObs= -3.705574375D-01 -9.288095529D-01 0d0
        ApType=   Circular
         ApVec=   1.75d+02 0d0 0d0
          zElt=   1d22
      PropType=   Annulus
       nECoord=   -6

          iElt=    4
       EltName= PRI_MIR
       Element= Reflector
       Surface= Zernike
         KrElt= -9.337886403D+02
         KcElt= -1.009724001D+00
        psiElt=   0d0 0d0 1d0
        VptElt=   0d0 0d0 0d0
        RptElt=   0d0 0d0 0d0
        IndRef=   1d0
        Extinc=   1d22
      ZernCoef=   0d0 0d0 0d0 -1.415805330D-04 -3.404653098D-05 5.412244128D-06
                  1.464334396D-05 -5.046596565D-05 1.587508743D-05 -3.536721061D-
      05 -1.951889059D-06 -2.971194787D-05
                  1.561541879D-05 -8.027617601D-06 8.191919142D-06 0d0 0d0 0d0
                  0d0 0d0 0d0 0d0 0d0 0d0
                  0d0 0d0 0d0 0d0 0d0 0d0
                  0d0 0d0 0d0 0d0 0d0 0d0

         pMon=    0d0 0d0     0d0
         xMon=    1d0 0d0     0d0
         yMon=    0d0 1d0     0d0
         zMon=    0d0 0d0     1d0
         lMon=    1.75d+02
         nObs=     0
       ApType=    None
         zElt=    1d22

PropType=   Geometric
 nECoord=   -6

    iElt=    5
 EltName= SEC_MIR
 Element= Reflector
 Surface= Conic
   KrElt= -1.565935400D+02
   KcElt= -1.932283999D+00
  psiElt=   0d0 0d0 1d0
  VptElt= -7.887151838D-04 -6.647047308D-05           4.002602400D+02
  RptElt= -7.887151838D-04 -6.647047308D-05           4.002602400D+02
  IndRef=   1d0
  Extinc=   1d22
    nObs=    0
  ApType=   None
    zElt=   1d22
PropType=   Geometric
 nECoord=   -6

    iElt=    6
 EltName= COR_S1
 Element= Refractor
 Surface= Conic
   KrElt= -4.241546000D+01
   KcElt=   0d0
  psiElt=   0d0 0d0 1d0
  VptElt=   0d0 0d0 -3.988054000D+01
  RptElt=   0d0 0d0 -4.260596000D+01
  IndRef=   1.61783d+00
  Extinc=   0d0
    nObs=    0
  ApType=   None
    zElt=   1d22
PropType=   Geometric
 nECoord=   -6

    iElt=    7
 EltName= COR_S2
 Element= Refractor
 Surface= Conic
   KrElt= -3.15595d+01
   KcElt=   0d0
  psiElt=   0d0 0d0 -1d0
  VptElt=   0d0 0d0 -4.138168000D+01
  RptElt=   0d0 0d0 -4.260596000D+01
  IndRef=   1.657863000D+00
  Extinc=   0d0
    nObs=    0
  ApType=   None
    zElt=   1d22
PropType=   Geometric
 nECoord=   -6

   iElt=    8
EltName= COR_S3
Element= Refractor
Surface= Conic
  KrElt= -5.533237600D+02

         KcElt=   0d0
        psiElt=   0d0 0d0 -1d0
        VptElt=   0d0 0d0 -4.533138000D+01
        RptElt=   0d0 0d0 -4.260596000D+01
        IndRef=   1d0
        Extinc=   0d0
          nObs=    0
        ApType=   None
          zElt=   1d22
      PropType=   Geometric
       nECoord=   -6

          iElt=    9
       EltName= FLT_S1
       Element= Refractor
       Surface= Conic
         KrElt= -1d22
         KcElt=   0d0
        psiElt=   0d0 0d0 -1d0
        VptElt=   0d0 0d0 -4.763008000D+01
        RptElt=   0d0 0d0 -4.9d+01
        IndRef=   1.535018000D+00
        Extinc=   0d0
          nObs=    0
        ApType=   None
          zElt=   1d22
      PropType=   Geometric
       nECoord=   -6

          iElt=   10
       EltName= FLT_S2
       Element= Refractor
       Surface= Conic
         KrElt= -1d22
         KcElt=   0d0
        psiElt=   0d0 0d0 -1d0
        VptElt=   0d0 0d0 -5.163058000D+01
        RptElt=   0d0 0d0 -4.9d+01
        IndRef=   1d0
        Extinc=   0d0
          nObs=    0
        ApType=   None
          zElt=   1d22
      PropType=   Geometric
       nECoord=   -6

          iElt=   11
       EltName= IMG_RET
       Element= Return
       Surface= Conic
         KrElt= -1d22
         KcElt=   0d0
        psiElt=   0d0 0d0 -1d0
        VptElt=   0d0 0d0 -5.175758000D+01
        RptElt=   0d0 0d0 -5.175758000D+01
        IndRef=   1d0
        Extinc=   1d22
          nObs=    0
        ApType=   None
          zElt=   1d22
      PropType=   Geometric
       nECoord=   -6

         iElt=    12

 EltName= EXIT_RET
 Element= Return
 Surface= Conic
   KrElt= -6.874662920D+01
   KcElt=   0d0
  psiElt=   1.095041158D-04 -5.786697499D-06 -9.999999940D-01
  VptElt= -7.904014798D-05 -6.661258889D-06 1.698904900D+01
  RptElt= -7.904014798D-05 -6.661258889D-06 1.698904900D+01
  IndRef=   1d0
  Extinc=   1d22
    nObs=    0
  ApType=   None
    zElt=   6.874662920D+01
PropType=   FarField
 nECoord=   -6

    iElt=   13
 EltName= IMG_PL
 Element= FocalPlane
 Surface= Flat
   KrElt= -1d22
   KcElt=   0d0
  psiElt=   0d0 0d0 -1d0
  VptElt=   7.421487214D-01 -4.232318881D+00 -5.175758000D+01
  RptElt=   0d0 0d0 -5.175758000D+01
  IndRef=   1d0
  Extinc=   1d22
    nObs=    0
  ApType=   None
    zElt=   1d22
PropType=   Geometric
 nECoord=   -6

nOutCord=      5
    Tout=     1d0   0d0   0d0   0d0   0d0   0d0    0d0
              0d0   1d0   0d0   0d0   0d0   0d0    0d0
              0d0   0d0   0d0   1d0   0d0   0d0    0d0
              0d0   0d0   0d0   0d0   1d0   0d0    0d0
              0d0   0d0   0d0   0d0   0d0   0d0    1d0

        A.8 S-MACOS Example Files

      A.8.1 smacosvars.cmn
C***********************************************************************
C       Begin file smacosvars.cmn

C   This file defines call-line variables and common blocks that give
C   user programs direct access to MACOS variables. The form of the
C   SMACOS call line is:

C           CALL SMACOS(command,CARG,DARG,IARG,LARG,RARG,
C   &       OutRaySpot,NomRayDir,RMSWFE,NomOPDMat,PertOPDMat,
C   &       PixArray,Cmatrix)

C   The param.cmn file defines array sizes for SMACOS call-line and

      C   internal MACOS variables. The param.cmn file should be copied from
      C   param128.cmn, param256.cmn, etc. -- whichever size of SMACOS you
      C   are using:

              INCLUDE 'param.cmn'

      C   These are the SMACOS call-line variables:

             CHARACTER*132 command
             CHARACTER*32 CARG(9)
             REAL*8 DARG(9)
             INTEGER IARG(9)
             LOGICAL LARG
             REAL*4 RARG(9), OutRaySpot(mRay, 4), NomRayDir(2, mRay),
           & RMSWFE, NomOPDMat(mpts, mpts), PertOPDMat(mpts, mpts),
           & PixArray(mPix, mPix), Cmatrix(7, mCm, bRay)

      C   These are other SMACOS common blocks, that you may use or comment
      C   out as you wish. The ifEcho flag, if set to .TRUE., provides for
      C   full printout of SMACOS operations. If set to .FALSE., reduced
      C   printout is provided.

              LOGICAL ifEcho
              COMMON /SCIO/ifEcho

              INTEGER npts,NoiseSeed(2)
              REAL*4 CntrSpot(3)
              COMMON /UserCommon/npts,NoiseSeed,CntrSpot

      C   These includes provide access to internal MACOS variables. They can
      C   be commented out if you do not plan to use them:

              INCLUDE 'elt.cmn'
              INCLUDE 'src.cmn'

      C   These includes provide access to internal MACOS scratch arrays. They
      C   should be commented out if you do not plan to use them:

             LOGICAL L1(md2)
             INTEGER DrawEltVec(mDrawElt,mDrawRay)
             REAL*4 R1(mdttl,mdttl),RV1(md2),RV2(md2)
             REAL*8 D1(mdttl,mdttl),D2(mdttl,mdttl)
             REAL*8 DV1(md2),DV2(md2)
             COMMON /SCRATCH/ D1,D2
             EQUIVALENCE (D1(1,1),RV1(1)),(D1(1,1),DV1(1)),(D2(1,1),DV2(1)),
           & (D1(1,1),R1(1,1)),(D2(1,1),RV2(1))

      c END of smacosvars.cmn

      C***********************************************************************

             A.8.2 smacosExample.f
      C***********************************************************************
      C       Begin file smacosExample.f

              IMPLICIT NONE

      C   SMACOS variable declarations

              INCLUDE 'smacosvars.cmn'

      C   These are local variables:

       INTEGER

       REAL*4

       REAL*8

C   Load prescription file

      command='OLD'
      CARG(1)='cassExitPupil'
      CALL SMACOS(command,CARG,DARG,IARG,LARG,RARG,
    & OutRaySpot,NomRayDir,RMSWFE,NomOPDMat,PertOPDMat,
    & PixArray,Cmatrix)

C   Set plot type

      command='GRAY'
      CALL SMACOS(command,CARG,DARG,IARG,LARG,RARG,
    & OutRaySpot,NomRayDir,RMSWFE,NomOPDMat,PertOPDMat,
    & PixArray,Cmatrix)

C   Set system stop

      command='STOP'
      CARG(1)='ELT'
      IARG(1)=3
      DARG(1)=0d0
      DARG(2)=0d0
      CALL SMACOS(command,CARG,DARG,IARG,LARG,RARG,
    & OutRaySpot,NomRayDir,RMSWFE,NomOPDMat,PertOPDMat,
    & PixArray,Cmatrix)

C   Set exit pupil

      command='FEX'
      IARG(1)=5
      CARG(1)='YES'
      CALL SMACOS(command,CARG,DARG,IARG,LARG,RARG,
    & OutRaySpot,NomRayDir,RMSWFE,NomOPDMat,PertOPDMat,
    & PixArray,Cmatrix)

C   Plot OPD at exit pupil after resetting ray grid size

      nGridPts=128
      command='RESET'
      CALL SMACOS(command,CARG,DARG,IARG,LARG,RARG,
    & OutRaySpot,NomRayDir,RMSWFE,NomOPDMat,PertOPDMat,
    & PixArray,Cmatrix)

      command='OPD'
      IARG(1)=5
      CALL SMACOS(command,CARG,DARG,IARG,LARG,RARG,
    & OutRaySpot,NomRayDir,RMSWFE,NomOPDMat,PertOPDMat,
    & PixArray,Cmatrix)

C   Plot detector intensity after resetting ray grid size

       nGridPts=96
       command='RESET'

            CALL SMACOS(command,CARG,DARG,IARG,LARG,RARG,
          & OutRaySpot,NomRayDir,RMSWFE,NomOPDMat,PertOPDMat,
          & PixArray,Cmatrix)

            command='INTENSITY'
            IARG(1)=6
            CALL SMACOS(command,CARG,DARG,IARG,LARG,RARG,
          & OutRaySpot,NomRayDir,RMSWFE,NomOPDMat,PertOPDMat,
          & PixArray,Cmatrix)

      C   Plot detector using a log10 stretch

            command='STRETCH'
            CARG(1)='LOG10'
            CALL SMACOS(command,CARG,DARG,IARG,LARG,RARG,
          & OutRaySpot,NomRayDir,RMSWFE,NomOPDMat,PertOPDMat,
          & PixArray,Cmatrix)

            command='INTENSITY'
            IARG(1)=6
            CALL SMACOS(command,CARG,DARG,IARG,LARG,RARG,
          & OutRaySpot,NomRayDir,RMSWFE,NomOPDMat,PertOPDMat,
          & PixArray,Cmatrix)

      C   Quit!

            command='QUIT'
            CALL SMACOS(command,CARG,DARG,IARG,LARG,RARG,
          & OutRaySpot,NomRayDir,RMSWFE,NomOPDMat,PertOPDMat,
          & PixArray,Cmatrix)

             STOP
             END

      C       End file smacosExample.f
      C***********************************************************************
