      % SegmentDemo.jou -- a MACOS demonstration macro that illustrates the gener-
      ation
      %   of a linear model of a segmented mirror system. The linear model is used
      to
      %   generate an image and OPD numbers. These are compared with the same num-
      bers
      %   computed using the full nonlinear model. They agree very closely.

      %   Run this macro with macos256

      old SegmentDemo;                                                 % Load prescription file
                                                                                               %
      draw 0 10 xz;                                                      % Sketch optics layout
                                                                                               %
      map 0                             % Displays the ray mapping in the entrance pupil; also
                                                                  % shows the segment mapping
                                                                                               %
      intensity 10                         % Generate simulated image at the focal plane -- no
                                                                                  % aberrations
                                                                                               %
      log 10                          % Display simulated unaberrated image with log10 stretch
                                                                                               %
                                                                                               %
      perturb 3                       % Perturb the 3rd element using the full nonlinear model
         NO                                                           % Use global coordinates
         0,1e-4,0                          % Rotational perturbation: rotate 100 urad about y
         0,0,0                                                % No translational perturbation
                                                                                               %
      opd 9                                       % Display wavefront error using linear model
                                                                                               %
      log 10                              % Display image (log10 stretch) using full nonlinear
                                                                                        % model
                                                                                               %
      old SegmentDemo;                                              % Reload prescription file
                                                                                               %

build 9                                                    % Compute linear optical model
                                                                                        %
lperturb 3                               % Perturb the 3rd element using the linear model
   NO                                                           % Use global coordinates
   0,1e-4,0                           % Rotational perturbation: rotate 100 urad about y
   0,0,0                                                 % No translational perturbation
                                                                                        %
lopd                                         % Display wavefront error using linear model
                                                                                        %
llog                                   % Display image (log10 stretch) using linear model
